jsample.jsample.App$1:run###1.0
java.lang.ref.Finalizer$FinalizerThread:run###1.0
java.lang.Object:wait###2.0
java.lang.ref.Reference:processPendingReferences###1.0
java.lang.ref.ReferenceQueue:enqueue###7.572315614114796E-5
jsample.jsample.App:main###1.0
java.lang.Thread:run###3.0
java.lang.ref.ReferenceQueue:remove###3.0
jdk.internal.misc.InnocuousThread:run###1.0
java.util.concurrent.ThreadPoolExecutor$Worker:run###1.0
java.lang.ref.Reference:waitForReferencePendingList###0.9999242768438589
java.lang.ref.Reference$ReferenceHandler:run###1.0
jsample.jsample.RateSampler$RateSamplerRun:run###1.0
jsample.jsample.RateSampler:stop###7.572315614114796E-5
jdk.internal.ref.CleanerImpl:run###1.0
java.util.concurrent.ThreadPoolExecutor:runWorker###1.0
java.util.concurrent.ThreadPoolExecutor$Worker:run,java.util.concurrent.ThreadPoolExecutor:runWorker###1.0
jdk.internal.misc.InnocuousThread:run,java.lang.Thread:run###1.0
jdk.internal.ref.CleanerImpl:run,java.lang.ref.ReferenceQueue:remove###1.0
java.lang.ref.Reference$ReferenceHandler:run,java.lang.ref.Reference:processPendingReferences###1.0
java.lang.ref.Reference:processPendingReferences,java.lang.ref.ReferenceQueue:enqueue###7.572315614114796E-5
java.lang.Thread:run,java.util.concurrent.ThreadPoolExecutor$Worker:run###1.0
java.lang.ref.Finalizer$FinalizerThread:run,java.lang.ref.ReferenceQueue:remove###1.0
java.lang.Thread:run,jdk.internal.ref.CleanerImpl:run###1.0
java.util.concurrent.ThreadPoolExecutor:runWorker,jsample.jsample.RateSampler$RateSamplerRun:run###1.0
java.lang.ref.Reference:processPendingReferences,java.lang.ref.Reference:waitForReferencePendingList###0.9999242768438589
java.lang.ref.ReferenceQueue:remove,java.lang.ref.ReferenceQueue:remove###1.0
java.lang.ref.ReferenceQueue:remove,java.lang.Object:wait###2.0
java.lang.Thread:run,jsample.jsample.App$1:run###1.0
jsample.jsample.App:main,jsample.jsample.RateSampler:stop###7.572315614114796E-5
